375 objects imported automatically (use -v 2 for details).

{"health": {"main_age_seconds": 0.4, "main_healthy": true, "main_state": "idle", "process_age_seconds": 0.4, "process_online": true, "process_pid": 1376702, "stalled": false, "supervisor": {"available": true, "child_pid": null, "child_pid_matches_expected": false, "child_release_sha": null, "last_ensure_seen_at": 1791282903.642, "observed_at": 1791282905.352, "restart_count": 0, "status": "mismatch", "supervisor_release_sha": "fe98c174caf93becf6ab6dbc58e3977de6bef802"}, "worker_stalled": false, "workers_healthy": true}, "maintenance_active": false, "memory_admission_accepted": false, "memory_generation_enabled": false, "mode": "unified", "release_sha": "fe98c174caf93becf6ab6dbc58e3977de6bef802"}
Traceback (most recent call last):
  File "/home/qlknpodo/TWC/TwoComms_Site/twocomms/manage.py", line 65, in <module>
    main()
    ~~~~^^
  File "/home/qlknpodo/TWC/TwoComms_Site/twocomms/manage.py", line 61, in main
    execute_from_command_line(sys.argv)
    ~~~~~~~~~~~~~~~~~~~~~~~~~^^^^^^^^^^
  File "/home/qlknpodo/virtualenv/TWC/TwoComms_Site/twocomms/3.14/lib64/python3.14/site-packages/django/core/management/__init__.py", line 443, in execute_from_command_line
    utility.execute()
    ~~~~~~~~~~~~~~~^^
  File "/home/qlknpodo/virtualenv/TWC/TwoComms_Site/twocomms/3.14/lib64/python3.14/site-packages/django/core/management/__init__.py", line 437, in execute
    self.fetch_command(subcommand).run_from_argv(self.argv)
    ~~~~~~~~~~~~~~~~~~~~~~~~~~~~~~~~~~~~~~~~~~~~^^^^^^^^^^^
  File "/home/qlknpodo/virtualenv/TWC/TwoComms_Site/twocomms/3.14/lib64/python3.14/site-packages/django/core/management/base.py", line 422, in run_from_argv
    self.execute(*args, **cmd_options)
    ~~~~~~~~~~~~^^^^^^^^^^^^^^^^^^^^^^
  File "/home/qlknpodo/virtualenv/TWC/TwoComms_Site/twocomms/3.14/lib64/python3.14/site-packages/django/core/management/base.py", line 466, in execute
    output = self.handle(*args, **options)
  File "/home/qlknpodo/virtualenv/TWC/TwoComms_Site/twocomms/3.14/lib64/python3.14/site-packages/django/core/management/commands/shell.py", line 271, in handle
    exec(sys.stdin.read(), {**globals(), **self.get_namespace(**options)})
    ~~~~^^^^^^^^^^^^^^^^^^^^^^^^^^^^^^^^^^^^^^^^^^^^^^^^^^^^^^^^^^^^^^^^^^
  File "<string>", line 12, in <module>
AssertionError
