Creating test database for alias 'default'...
Destroying old test database for alias 'default'...
Unable to repair hosted settlement projection 1
Traceback (most recent call last):
  File "/Users/zainllw0w/TwoComms/site/twocomms/management/services/ig_checkout_payment.py", line 1348, in _repair_hosted_settlement
    reconcile_payment_projection(projection_id)
    ~~~~~~~~~~~~~~~~~~~~~~~~~~~~^^^^^^^^^^^^^^^
  File "/Users/zainllw0w/.local/share/uv/python/cpython-3.14.6-macos-aarch64-none/lib/python3.14/unittest/mock.py", line 1176, in __call__
    return self._mock_call(*args, **kwargs)
           ~~~~~~~~~~~~~~~^^^^^^^^^^^^^^^^^
  File "/Users/zainllw0w/.local/share/uv/python/cpython-3.14.6-macos-aarch64-none/lib/python3.14/unittest/mock.py", line 1180, in _mock_call
    return self._execute_mock_call(*args, **kwargs)
           ~~~~~~~~~~~~~~~~~~~~~~~^^^^^^^^^^^^^^^^^
  File "/Users/zainllw0w/.local/share/uv/python/cpython-3.14.6-macos-aarch64-none/lib/python3.14/unittest/mock.py", line 1241, in _execute_mock_call
    raise effect
RuntimeError: worker lost
....Assisted attempt 1 provider identity/currency mismatch -> checking
Assisted attempt 1 provider identity/currency mismatch -> checking
Assisted attempt 1 provider identity/currency mismatch -> checking
Assisted attempt 1 provider identity/currency mismatch -> checking
.................................................Assisted attempt 1 provider identity/currency mismatch -> checking
Assisted attempt 1 provider identity/currency mismatch -> checking
..........................................................................ig_bot event=send level=error detail=provider receipt checkpoint failed
................ig_bot event=send level=error detail=HTTP 503 [unknown] результат доставки не підтверджено: тимчасова мережева/серверна помилка
.............ig_bot event=send level=error detail=HTTP 503 [unknown] результат доставки не підтверджено: тимчасова мережева/серверна помилка
.ig_bot event=send level=error detail=provider_exception before receipt for chunk 2
...ig_bot event=send level=error detail=HTTP 429 [retryable] ліміт частоти (retry пізніше)
.ig_bot event=send level=error detail=provider_exception before receipt for chunk 1
..........ig_bot event=reply_truncated_before_send level=error detail=ig-lifecycle-test: empty_reply (0B → 0B)
..................Assisted attempt 1 provider identity/currency mismatch -> checking
Assisted attempt 1 provider identity/currency mismatch -> checking
Assisted attempt 1 provider identity/currency mismatch -> checking
...............ssssss
----------------------------------------------------------------------
Ran 210 tests in 12.189s

OK (skipped=6)
Destroying test database for alias 'default'...
Found 210 test(s).
System check identified no issues (0 silenced).
