Creating test database for alias 'default'...
Destroying old test database for alias 'default'...
s........ig_bot event=revision_receipt_tick level=error detail=ProgrammingError
....EE...................................
======================================================================
ERROR: test_failed_reconcile_does_not_leak_the_pulse_thread (management.tests_ig_daemon_progress.DaemonStartupObservabilityTests.test_failed_reconcile_does_not_leak_the_pulse_thread)
----------------------------------------------------------------------
Traceback (most recent call last):
  File "/Users/zainllw0w/TwoComms/site/.venv/lib/python3.14/site-packages/django/db/backends/base/base.py", line 298, in _cursor
    return self._prepare_cursor(self.create_cursor(name))
                                ~~~~~~~~~~~~~~~~~~^^^^^^
  File "/Users/zainllw0w/TwoComms/site/.venv/lib/python3.14/site-packages/django/db/backends/sqlite3/base.py", line 218, in create_cursor
    return self.connection.cursor(factory=SQLiteCursorWrapper)
           ~~~~~~~~~~~~~~~~~~~~~~^^^^^^^^^^^^^^^^^^^^^^^^^^^^^
sqlite3.ProgrammingError: Cannot operate on a closed database.

The above exception was the direct cause of the following exception:

Traceback (most recent call last):
  File "/Users/zainllw0w/TwoComms/site/twocomms/management/tests_ig_daemon_progress.py", line 939, in setUp
    IgWorkerLaneState.objects.update(
    ~~~~~~~~~~~~~~~~~~~~~~~~~~~~~~~~^
        owner_kind="", owner_token="", lease_until=None,
        ^^^^^^^^^^^^^^^^^^^^^^^^^^^^^^^^^^^^^^^^^^^^^^^^
        claim_frozen=False, frozen_at=None, recovery_deadline_at=None,
        ^^^^^^^^^^^^^^^^^^^^^^^^^^^^^^^^^^^^^^^^^^^^^^^^^^^^^^^^^^^^^^
    )
    ^
  File "/Users/zainllw0w/TwoComms/site/.venv/lib/python3.14/site-packages/django/db/models/manager.py", line 87, in manager_method
    return getattr(self.get_queryset(), name)(*args, **kwargs)
           ~~~~~~~~~~~~~~~~~~~~~~~~~~~~~~~~~~^^^^^^^^^^^^^^^^^
  File "/Users/zainllw0w/TwoComms/site/.venv/lib/python3.14/site-packages/django/db/models/query.py", line 1398, in update
    rows = query.get_compiler(self.db).execute_sql(ROW_COUNT)
  File "/Users/zainllw0w/TwoComms/site/.venv/lib/python3.14/site-packages/django/db/models/sql/compiler.py", line 2120, in execute_sql
    row_count = super().execute_sql(result_type)
  File "/Users/zainllw0w/TwoComms/site/.venv/lib/python3.14/site-packages/django/db/models/sql/compiler.py", line 1622, in execute_sql
    cursor = self.connection.cursor()
  File "/Users/zainllw0w/TwoComms/site/.venv/lib/python3.14/site-packages/django/utils/asyncio.py", line 26, in inner
    return func(*args, **kwargs)
  File "/Users/zainllw0w/TwoComms/site/.venv/lib/python3.14/site-packages/django/db/backends/base/base.py", line 320, in cursor
    return self._cursor()
           ~~~~~~~~~~~~^^
  File "/Users/zainllw0w/TwoComms/site/.venv/lib/python3.14/site-packages/django/db/backends/base/base.py", line 297, in _cursor
    with self.wrap_database_errors:
         ^^^^^^^^^^^^^^^^^^^^^^^^^
  File "/Users/zainllw0w/TwoComms/site/.venv/lib/python3.14/site-packages/django/db/utils.py", line 94, in __exit__
    raise dj_exc_value.with_traceback(traceback) from exc_value
  File "/Users/zainllw0w/TwoComms/site/.venv/lib/python3.14/site-packages/django/db/backends/base/base.py", line 298, in _cursor
    return self._prepare_cursor(self.create_cursor(name))
                                ~~~~~~~~~~~~~~~~~~^^^^^^
  File "/Users/zainllw0w/TwoComms/site/.venv/lib/python3.14/site-packages/django/db/backends/sqlite3/base.py", line 218, in create_cursor
    return self.connection.cursor(factory=SQLiteCursorWrapper)
           ~~~~~~~~~~~~~~~~~~~~~~^^^^^^^^^^^^^^^^^^^^^^^^^^^^^
django.db.utils.ProgrammingError: Cannot operate on a closed database.

======================================================================
ERROR: test_release_reconcile_runs_under_a_published_pulse (management.tests_ig_daemon_progress.DaemonStartupObservabilityTests.test_release_reconcile_runs_under_a_published_pulse)
Пульс публикуется ДО реконсиляции релизного окна, а не после неё.
----------------------------------------------------------------------
Traceback (most recent call last):
  File "/Users/zainllw0w/TwoComms/site/.venv/lib/python3.14/site-packages/django/db/backends/base/base.py", line 298, in _cursor
    return self._prepare_cursor(self.create_cursor(name))
                                ~~~~~~~~~~~~~~~~~~^^^^^^
  File "/Users/zainllw0w/TwoComms/site/.venv/lib/python3.14/site-packages/django/db/backends/sqlite3/base.py", line 218, in create_cursor
    return self.connection.cursor(factory=SQLiteCursorWrapper)
           ~~~~~~~~~~~~~~~~~~~~~~^^^^^^^^^^^^^^^^^^^^^^^^^^^^^
sqlite3.ProgrammingError: Cannot operate on a closed database.

The above exception was the direct cause of the following exception:

Traceback (most recent call last):
  File "/Users/zainllw0w/TwoComms/site/twocomms/management/tests_ig_daemon_progress.py", line 939, in setUp
    IgWorkerLaneState.objects.update(
    ~~~~~~~~~~~~~~~~~~~~~~~~~~~~~~~~^
        owner_kind="", owner_token="", lease_until=None,
        ^^^^^^^^^^^^^^^^^^^^^^^^^^^^^^^^^^^^^^^^^^^^^^^^
        claim_frozen=False, frozen_at=None, recovery_deadline_at=None,
        ^^^^^^^^^^^^^^^^^^^^^^^^^^^^^^^^^^^^^^^^^^^^^^^^^^^^^^^^^^^^^^
    )
    ^
  File "/Users/zainllw0w/TwoComms/site/.venv/lib/python3.14/site-packages/django/db/models/manager.py", line 87, in manager_method
    return getattr(self.get_queryset(), name)(*args, **kwargs)
           ~~~~~~~~~~~~~~~~~~~~~~~~~~~~~~~~~~^^^^^^^^^^^^^^^^^
  File "/Users/zainllw0w/TwoComms/site/.venv/lib/python3.14/site-packages/django/db/models/query.py", line 1398, in update
    rows = query.get_compiler(self.db).execute_sql(ROW_COUNT)
  File "/Users/zainllw0w/TwoComms/site/.venv/lib/python3.14/site-packages/django/db/models/sql/compiler.py", line 2120, in execute_sql
    row_count = super().execute_sql(result_type)
  File "/Users/zainllw0w/TwoComms/site/.venv/lib/python3.14/site-packages/django/db/models/sql/compiler.py", line 1622, in execute_sql
    cursor = self.connection.cursor()
  File "/Users/zainllw0w/TwoComms/site/.venv/lib/python3.14/site-packages/django/utils/asyncio.py", line 26, in inner
    return func(*args, **kwargs)
  File "/Users/zainllw0w/TwoComms/site/.venv/lib/python3.14/site-packages/django/db/backends/base/base.py", line 320, in cursor
    return self._cursor()
           ~~~~~~~~~~~~^^
  File "/Users/zainllw0w/TwoComms/site/.venv/lib/python3.14/site-packages/django/db/backends/base/base.py", line 297, in _cursor
    with self.wrap_database_errors:
         ^^^^^^^^^^^^^^^^^^^^^^^^^
  File "/Users/zainllw0w/TwoComms/site/.venv/lib/python3.14/site-packages/django/db/utils.py", line 94, in __exit__
    raise dj_exc_value.with_traceback(traceback) from exc_value
  File "/Users/zainllw0w/TwoComms/site/.venv/lib/python3.14/site-packages/django/db/backends/base/base.py", line 298, in _cursor
    return self._prepare_cursor(self.create_cursor(name))
                                ~~~~~~~~~~~~~~~~~~^^^^^^
  File "/Users/zainllw0w/TwoComms/site/.venv/lib/python3.14/site-packages/django/db/backends/sqlite3/base.py", line 218, in create_cursor
    return self.connection.cursor(factory=SQLiteCursorWrapper)
           ~~~~~~~~~~~~~~~~~~~~~~^^^^^^^^^^^^^^^^^^^^^^^^^^^^^
django.db.utils.ProgrammingError: Cannot operate on a closed database.

----------------------------------------------------------------------
Ran 49 tests in 4.018s

FAILED (errors=2, skipped=1)
Destroying test database for alias 'default'...
Found 50 test(s).
System check identified no issues (0 silenced).
