maintenance active lease_id=r30-e9ac6cece-release expires_at=1791280326
From https://github.com/zainllw0w/TwoComms_Site
   954d2a1f0..e9ac6cece  main       -> origin/main
Updating 954d2a1f0..e9ac6cece
Fast-forward
 ...233\320\235\320\225\320\235\320\230\320\257.md" |   4 +
 ...320\227\320\220\320\246\320\230\320\230_3_0.md" |   6 +-
 .../PRODUCTION_RELEASE_2026-10-06.md               |   7 +
 .../production-postpull.log                        |  32 +++
 .../r30-policy-publication-20261006/README.md      |  11 +
 .../readonly-focused.log                           |  10 +
 twocomms/management/bot_views.py                   |  61 +++++-
 twocomms/management/ig_bot_models.py               |   1 +
 .../0220_bot_instruction_reviewed_source.py        |  13 ++
 twocomms/management/services/ig_brand_source.py    | 235 +++++++++++++++++++++
 twocomms/management/services/ig_policy_parity.py   |  70 ++++++
 .../management/services/ig_policy_publication.py   |  37 +++-
 twocomms/management/templates/management/bot.html  |  30 ++-
 twocomms/management/tests_ig_brand_source.py       | 228 ++++++++++++++++++++
 twocomms/management/tests_ig_policy_parity.py      | 124 +++++++++++
 twocomms/storefront/analytics_noise.py             |   1 +
 .../storefront/tests/test_analytics_tracking.py    |  17 ++
 17 files changed, 872 insertions(+), 15 deletions(-)
 create mode 100644 docs/instagram_bot_audit/new/3.0/evidence/r30-followup-episode-20261006/PRODUCTION_RELEASE_2026-10-06.md
 create mode 100644 docs/instagram_bot_audit/new/3.0/evidence/r30-followup-episode-20261006/production-postpull.log
 create mode 100644 docs/instagram_bot_audit/new/3.0/evidence/r30-policy-publication-20261006/README.md
 create mode 100644 docs/instagram_bot_audit/new/3.0/evidence/r30-policy-publication-20261006/readonly-focused.log
 create mode 100644 twocomms/management/migrations/0220_bot_instruction_reviewed_source.py
 create mode 100644 twocomms/management/services/ig_brand_source.py
 create mode 100644 twocomms/management/services/ig_policy_parity.py
 create mode 100644 twocomms/management/tests_ig_brand_source.py
 create mode 100644 twocomms/management/tests_ig_policy_parity.py
Operations to perform:
  Target specific migration: 0220_bot_instruction_reviewed_source, from management
Running migrations:
  Applying management.0220_bot_instruction_reviewed_source... OK
System check identified no issues (0 silenced).
Running DTF asset minification before collectstatic...
DTF minification complete: 3 files, 0 updated, saved 66648 bytes

0 static files copied to '/home/qlknpodo/TWC/TwoComms_Site/twocomms/staticfiles', 734 unmodified, 1074 post-processed.
Compressing... done
Compressed 4 block(s) from 60 template(s) for 1 context(s).
maintenance disabled
daemon ready under supervisor — ok
375 objects imported automatically (use -v 2 for details).

{"branch": "main", "brand_source": {"reason": "brand_section_unknown"}, "core_effective_match": false, "core_raw_match": false, "facts_languages": ["en", "ru", "uk"], "health": {"main_age_seconds": 0.1, "main_healthy": true, "main_state": "running", "process_age_seconds": 1.8, "process_online": true, "process_pid": 1209931, "stalled": false, "supervisor": {"available": true, "child_pid": 1209931, "child_pid_matches_expected": true, "child_release_sha": "e9ac6cecec735f6c0f99ad4688710f689ee3a5ba", "last_ensure_seen_at": 1791279422.285, "observed_at": 1791279445.187, "restart_count": 1, "status": "current", "supervisor_release_sha": "954d2a1f0c03c6a97b7a47b3d8983fbea9eb1e3c"}, "worker_stalled": false, "workers_healthy": true}, "instruction_publication": {"id": 2, "ready": true, "reason": "", "snapshot_hash": "504d49cd0a7b9fc638e73e42cf5432339025400a1f82b881d97afa7cc303a9c8", "version": 2}, "knowledge_languages": ["en", "ru", "uk"], "maintenance_active": false, "policy_ready": true, "readiness": [], "release_sha": "e9ac6cecec735f6c0f99ad4688710f689ee3a5ba", "reviewed_source_column": true}
