.....Forbidden (CSRF cookie not set.): /bot/api/clients/6/state/size/
..E.............................................................................................................................................................................................................
======================================================================
ERROR: test_existing_receipt_corruption_is_omitted_and_replay_denied (management.tests_ig_selection_corrections.SizeCorrectionTests.test_existing_receipt_corruption_is_omitted_and_replay_denied)
----------------------------------------------------------------------
Traceback (most recent call last):
  File "/Users/zainllw0w/TwoComms/site/.venv/lib/python3.14/site-packages/django/db/backends/utils.py", line 105, in _execute
    return self.cursor.execute(sql, params)
           ~~~~~~~~~~~~~~~~~~~^^^^^^^^^^^^^
  File "/Users/zainllw0w/TwoComms/site/.venv/lib/python3.14/site-packages/django/db/backends/mysql/base.py", line 78, in execute
    return self.cursor.execute(query, args)
           ~~~~~~~~~~~~~~~~~~~^^^^^^^^^^^^^
  File "/Users/zainllw0w/TwoComms/site/.venv/lib/python3.14/site-packages/MySQLdb/cursors.py", line 179, in execute
    res = self._query(mogrified_query)
  File "/Users/zainllw0w/TwoComms/site/.venv/lib/python3.14/site-packages/MySQLdb/cursors.py", line 330, in _query
    db.query(q)
    ~~~~~~~~^^^
  File "/Users/zainllw0w/TwoComms/site/.venv/lib/python3.14/site-packages/MySQLdb/connections.py", line 286, in query
    _mysql.connection.query(self, query)
    ~~~~~~~~~~~~~~~~~~~~~~~^^^^^^^^^^^^^
MySQLdb.OperationalError: (1644, 'IgCommerceSelectionTransition is append-only')

The above exception was the direct cause of the following exception:

Traceback (most recent call last):
  File "/Users/zainllw0w/TwoComms/site/twocomms/management/tests_ig_selection_corrections.py", line 292, in test_existing_receipt_corruption_is_omitted_and_replay_denied
    cursor.execute(f"UPDATE {table} SET effects=%s WHERE id=%s", [json.dumps(effects), event.pk])
    ~~~~~~~~~~~~~~^^^^^^^^^^^^^^^^^^^^^^^^^^^^^^^^^^^^^^^^^^^^^^^^^^^^^^^^^^^^^^^^^^^^^^^^^^^^^^^
  File "/Users/zainllw0w/TwoComms/site/.venv/lib/python3.14/site-packages/django/db/backends/utils.py", line 79, in execute
    return self._execute_with_wrappers(
           ~~~~~~~~~~~~~~~~~~~~~~~~~~~^
        sql, params, many=False, executor=self._execute
        ^^^^^^^^^^^^^^^^^^^^^^^^^^^^^^^^^^^^^^^^^^^^^^^
    )
    ^
  File "/Users/zainllw0w/TwoComms/site/.venv/lib/python3.14/site-packages/django/db/backends/utils.py", line 92, in _execute_with_wrappers
    return executor(sql, params, many, context)
  File "/Users/zainllw0w/TwoComms/site/.venv/lib/python3.14/site-packages/django/db/backends/utils.py", line 100, in _execute
    with self.db.wrap_database_errors:
         ^^^^^^^^^^^^^^^^^^^^^^^^^^^^
  File "/Users/zainllw0w/TwoComms/site/.venv/lib/python3.14/site-packages/django/db/utils.py", line 94, in __exit__
    raise dj_exc_value.with_traceback(traceback) from exc_value
  File "/Users/zainllw0w/TwoComms/site/.venv/lib/python3.14/site-packages/django/db/backends/utils.py", line 105, in _execute
    return self.cursor.execute(sql, params)
           ~~~~~~~~~~~~~~~~~~~^^^^^^^^^^^^^
  File "/Users/zainllw0w/TwoComms/site/.venv/lib/python3.14/site-packages/django/db/backends/mysql/base.py", line 78, in execute
    return self.cursor.execute(query, args)
           ~~~~~~~~~~~~~~~~~~~^^^^^^^^^^^^^
  File "/Users/zainllw0w/TwoComms/site/.venv/lib/python3.14/site-packages/MySQLdb/cursors.py", line 179, in execute
    res = self._query(mogrified_query)
  File "/Users/zainllw0w/TwoComms/site/.venv/lib/python3.14/site-packages/MySQLdb/cursors.py", line 330, in _query
    db.query(q)
    ~~~~~~~~^^^
  File "/Users/zainllw0w/TwoComms/site/.venv/lib/python3.14/site-packages/MySQLdb/connections.py", line 286, in query
    _mysql.connection.query(self, query)
    ~~~~~~~~~~~~~~~~~~~~~~~^^^^^^^^^^^^^
django.db.utils.OperationalError: (1644, 'IgCommerceSelectionTransition is append-only')

----------------------------------------------------------------------
Ran 213 tests in 14.942s

FAILED (errors=1)
Found 213 test(s).
System check identified no issues (0 silenced).
