Creating test database for alias 'default'...
Destroying old test database for alias 'default'...
..............................................ig_bot event=send level=error detail=provider receipt checkpoint failed
.....ig_bot event=send level=error detail=HTTP 403 [permanent] помилка дозволів або політики Meta (code 10)
.......ig_bot event=send level=error detail=HTTP 500 [unknown] результат доставки не підтверджено: тимчасова мережева/серверна помилка
.............ig_bot event=send level=error detail=provider_exception before receipt for chunk 1
.ig_bot event=send level=error detail=provider_exception before receipt for chunk 1
...ig_bot event=send level=error detail=provider receipt checkpoint failed
...................................revision_delivery_debt_reconcile_failed=ProgrammingError
human_delivery_debt_reconcile_failed=ProgrammingError
Erevision_delivery_debt_reconcile_failed=ProgrammingError
human_delivery_debt_reconcile_failed=ProgrammingError
Erevision_delivery_debt_reconcile_failed=ProgrammingError
human_delivery_debt_reconcile_failed=ProgrammingError
EEE.EE...............ig_bot event=send level=error detail=provider_exception before receipt for chunk 1
.ig_bot event=send level=error detail=provider_exception before receipt for chunk 1
.ig_bot event=send level=error detail=provider_exception before receipt for chunk 1
.............Forbidden (CSRF cookie not set.): /bot/api/clients/25/documents/create/
...........................................
======================================================================
ERROR: test_hung_lane_times_out_and_next_due_lane_still_runs (management.tests_ig_runtime_ownership.PeriodicCoordinatorTests.test_hung_lane_times_out_and_next_due_lane_still_runs)
----------------------------------------------------------------------
Traceback (most recent call last):
  File "/Users/zainllw0w/TwoComms/site/.venv/lib/python3.14/site-packages/django/db/backends/base/base.py", line 298, in _cursor
    return self._prepare_cursor(self.create_cursor(name))
                                ~~~~~~~~~~~~~~~~~~^^^^^^
  File "/Users/zainllw0w/TwoComms/site/.venv/lib/python3.14/site-packages/django/db/backends/sqlite3/base.py", line 218, in create_cursor
    return self.connection.cursor(factory=SQLiteCursorWrapper)
           ~~~~~~~~~~~~~~~~~~~~~~^^^^^^^^^^^^^^^^^^^^^^^^^^^^^
sqlite3.ProgrammingError: Cannot operate on a closed database.

The above exception was the direct cause of the following exception:

Traceback (most recent call last):
  File "/Users/zainllw0w/.local/share/uv/python/cpython-3.14.6-macos-aarch64-none/lib/python3.14/unittest/mock.py", line 1439, in patched
    return func(*newargs, **newkeywargs)
  File "/Users/zainllw0w/TwoComms/site/twocomms/management/tests_ig_runtime_ownership.py", line 242, in test_hung_lane_times_out_and_next_due_lane_still_runs
    call_command(
    ~~~~~~~~~~~~^
        "run_instagram_periodic_jobs",
        ^^^^^^^^^^^^^^^^^^^^^^^^^^^^^^
        budget_seconds=10,
        ^^^^^^^^^^^^^^^^^^
        stdout=output,
        ^^^^^^^^^^^^^^
    )
    ^
  File "/Users/zainllw0w/TwoComms/site/.venv/lib/python3.14/site-packages/django/core/management/__init__.py", line 195, in call_command
    return command.execute(*args, **defaults)
           ~~~~~~~~~~~~~~~^^^^^^^^^^^^^^^^^^^
  File "/Users/zainllw0w/TwoComms/site/.venv/lib/python3.14/site-packages/django/core/management/base.py", line 466, in execute
    output = self.handle(*args, **options)
  File "/Users/zainllw0w/TwoComms/site/twocomms/management/management/commands/run_instagram_periodic_jobs.py", line 202, in handle
    due = due_periodic_lanes(selected_lane=selected_lane, force=force)
  File "/Users/zainllw0w/TwoComms/site/twocomms/management/management/commands/run_instagram_periodic_jobs.py", line 91, in due_periodic_lanes
    for row in InstagramBotTaskHeartbeat.objects.filter(
               ~~~~~~~~~~~~~~~~~~~~~~~~~~~~~~~~~~~~~~~~~
        task_key__in=[lane.task_key for lane in lanes]
        ~~~~~~~~~~~~~~~~~~~~~~~~~~~~~~~~~~~~~~~~~~~~~~
    ).only("task_key", "last_started_at")
    ~~~~~~^^^^^^^^^^^^^^^^^^^^^^^^^^^^^^^
  File "/Users/zainllw0w/TwoComms/site/.venv/lib/python3.14/site-packages/django/db/models/query.py", line 434, in __iter__
    self._fetch_all()
    ~~~~~~~~~~~~~~~^^
  File "/Users/zainllw0w/TwoComms/site/.venv/lib/python3.14/site-packages/django/db/models/query.py", line 2239, in _fetch_all
    self._result_cache = list(self._iterable_class(self))
                         ~~~~^^^^^^^^^^^^^^^^^^^^^^^^^^^^
  File "/Users/zainllw0w/TwoComms/site/.venv/lib/python3.14/site-packages/django/db/models/query.py", line 98, in __iter__
    results = compiler.execute_sql(
        chunked_fetch=self.chunked_fetch, chunk_size=self.chunk_size
    )
  File "/Users/zainllw0w/TwoComms/site/.venv/lib/python3.14/site-packages/django/db/models/sql/compiler.py", line 1622, in execute_sql
    cursor = self.connection.cursor()
  File "/Users/zainllw0w/TwoComms/site/.venv/lib/python3.14/site-packages/django/utils/asyncio.py", line 26, in inner
    return func(*args, **kwargs)
  File "/Users/zainllw0w/TwoComms/site/.venv/lib/python3.14/site-packages/django/db/backends/base/base.py", line 320, in cursor
    return self._cursor()
           ~~~~~~~~~~~~^^
  File "/Users/zainllw0w/TwoComms/site/.venv/lib/python3.14/site-packages/django/db/backends/base/base.py", line 297, in _cursor
    with self.wrap_database_errors:
         ^^^^^^^^^^^^^^^^^^^^^^^^^
  File "/Users/zainllw0w/TwoComms/site/.venv/lib/python3.14/site-packages/django/db/utils.py", line 94, in __exit__
    raise dj_exc_value.with_traceback(traceback) from exc_value
  File "/Users/zainllw0w/TwoComms/site/.venv/lib/python3.14/site-packages/django/db/backends/base/base.py", line 298, in _cursor
    return self._prepare_cursor(self.create_cursor(name))
                                ~~~~~~~~~~~~~~~~~~^^^^^^
  File "/Users/zainllw0w/TwoComms/site/.venv/lib/python3.14/site-packages/django/db/backends/sqlite3/base.py", line 218, in create_cursor
    return self.connection.cursor(factory=SQLiteCursorWrapper)
           ~~~~~~~~~~~~~~~~~~~~~~^^^^^^^^^^^^^^^^^^^^^^^^^^^^^
django.db.utils.ProgrammingError: Cannot operate on a closed database.

======================================================================
ERROR: test_one_lane_failure_does_not_starve_following_lanes (management.tests_ig_runtime_ownership.PeriodicCoordinatorTests.test_one_lane_failure_does_not_starve_following_lanes)
----------------------------------------------------------------------
Traceback (most recent call last):
  File "/Users/zainllw0w/TwoComms/site/.venv/lib/python3.14/site-packages/django/db/backends/base/base.py", line 298, in _cursor
    return self._prepare_cursor(self.create_cursor(name))
                                ~~~~~~~~~~~~~~~~~~^^^^^^
  File "/Users/zainllw0w/TwoComms/site/.venv/lib/python3.14/site-packages/django/db/backends/sqlite3/base.py", line 218, in create_cursor
    return self.connection.cursor(factory=SQLiteCursorWrapper)
           ~~~~~~~~~~~~~~~~~~~~~~^^^^^^^^^^^^^^^^^^^^^^^^^^^^^
sqlite3.ProgrammingError: Cannot operate on a closed database.

The above exception was the direct cause of the following exception:

Traceback (most recent call last):
  File "/Users/zainllw0w/.local/share/uv/python/cpython-3.14.6-macos-aarch64-none/lib/python3.14/unittest/mock.py", line 1439, in patched
    return func(*newargs, **newkeywargs)
  File "/Users/zainllw0w/TwoComms/site/twocomms/management/tests_ig_runtime_ownership.py", line 176, in test_one_lane_failure_does_not_starve_following_lanes
    call_command("run_instagram_periodic_jobs", stdout=StringIO())
    ~~~~~~~~~~~~^^^^^^^^^^^^^^^^^^^^^^^^^^^^^^^^^^^^^^^^^^^^^^^^^^
  File "/Users/zainllw0w/TwoComms/site/.venv/lib/python3.14/site-packages/django/core/management/__init__.py", line 195, in call_command
    return command.execute(*args, **defaults)
           ~~~~~~~~~~~~~~~^^^^^^^^^^^^^^^^^^^
  File "/Users/zainllw0w/TwoComms/site/.venv/lib/python3.14/site-packages/django/core/management/base.py", line 466, in execute
    output = self.handle(*args, **options)
  File "/Users/zainllw0w/TwoComms/site/twocomms/management/management/commands/run_instagram_periodic_jobs.py", line 202, in handle
    due = due_periodic_lanes(selected_lane=selected_lane, force=force)
  File "/Users/zainllw0w/TwoComms/site/twocomms/management/management/commands/run_instagram_periodic_jobs.py", line 91, in due_periodic_lanes
    for row in InstagramBotTaskHeartbeat.objects.filter(
               ~~~~~~~~~~~~~~~~~~~~~~~~~~~~~~~~~~~~~~~~~
        task_key__in=[lane.task_key for lane in lanes]
        ~~~~~~~~~~~~~~~~~~~~~~~~~~~~~~~~~~~~~~~~~~~~~~
    ).only("task_key", "last_started_at")
    ~~~~~~^^^^^^^^^^^^^^^^^^^^^^^^^^^^^^^
  File "/Users/zainllw0w/TwoComms/site/.venv/lib/python3.14/site-packages/django/db/models/query.py", line 434, in __iter__
    self._fetch_all()
    ~~~~~~~~~~~~~~~^^
  File "/Users/zainllw0w/TwoComms/site/.venv/lib/python3.14/site-packages/django/db/models/query.py", line 2239, in _fetch_all
    self._result_cache = list(self._iterable_class(self))
                         ~~~~^^^^^^^^^^^^^^^^^^^^^^^^^^^^
  File "/Users/zainllw0w/TwoComms/site/.venv/lib/python3.14/site-packages/django/db/models/query.py", line 98, in __iter__
    results = compiler.execute_sql(
        chunked_fetch=self.chunked_fetch, chunk_size=self.chunk_size
    )
  File "/Users/zainllw0w/TwoComms/site/.venv/lib/python3.14/site-packages/django/db/models/sql/compiler.py", line 1622, in execute_sql
    cursor = self.connection.cursor()
  File "/Users/zainllw0w/TwoComms/site/.venv/lib/python3.14/site-packages/django/utils/asyncio.py", line 26, in inner
    return func(*args, **kwargs)
  File "/Users/zainllw0w/TwoComms/site/.venv/lib/python3.14/site-packages/django/db/backends/base/base.py", line 320, in cursor
    return self._cursor()
           ~~~~~~~~~~~~^^
  File "/Users/zainllw0w/TwoComms/site/.venv/lib/python3.14/site-packages/django/db/backends/base/base.py", line 297, in _cursor
    with self.wrap_database_errors:
         ^^^^^^^^^^^^^^^^^^^^^^^^^
  File "/Users/zainllw0w/TwoComms/site/.venv/lib/python3.14/site-packages/django/db/utils.py", line 94, in __exit__
    raise dj_exc_value.with_traceback(traceback) from exc_value
  File "/Users/zainllw0w/TwoComms/site/.venv/lib/python3.14/site-packages/django/db/backends/base/base.py", line 298, in _cursor
    return self._prepare_cursor(self.create_cursor(name))
                                ~~~~~~~~~~~~~~~~~~^^^^^^
  File "/Users/zainllw0w/TwoComms/site/.venv/lib/python3.14/site-packages/django/db/backends/sqlite3/base.py", line 218, in create_cursor
    return self.connection.cursor(factory=SQLiteCursorWrapper)
           ~~~~~~~~~~~~~~~~~~~~~~^^^^^^^^^^^^^^^^^^^^^^^^^^^^^
django.db.utils.ProgrammingError: Cannot operate on a closed database.

======================================================================
ERROR: test_optional_gate_failure_does_not_starve_critical_lanes (management.tests_ig_runtime_ownership.PeriodicCoordinatorTests.test_optional_gate_failure_does_not_starve_critical_lanes)
----------------------------------------------------------------------
Traceback (most recent call last):
  File "/Users/zainllw0w/TwoComms/site/.venv/lib/python3.14/site-packages/django/db/backends/base/base.py", line 298, in _cursor
    return self._prepare_cursor(self.create_cursor(name))
                                ~~~~~~~~~~~~~~~~~~^^^^^^
  File "/Users/zainllw0w/TwoComms/site/.venv/lib/python3.14/site-packages/django/db/backends/sqlite3/base.py", line 218, in create_cursor
    return self.connection.cursor(factory=SQLiteCursorWrapper)
           ~~~~~~~~~~~~~~~~~~~~~~^^^^^^^^^^^^^^^^^^^^^^^^^^^^^
sqlite3.ProgrammingError: Cannot operate on a closed database.

The above exception was the direct cause of the following exception:

Traceback (most recent call last):
  File "/Users/zainllw0w/.local/share/uv/python/cpython-3.14.6-macos-aarch64-none/lib/python3.14/unittest/mock.py", line 1439, in patched
    return func(*newargs, **newkeywargs)
  File "/Users/zainllw0w/TwoComms/site/twocomms/management/tests_ig_runtime_ownership.py", line 192, in test_optional_gate_failure_does_not_starve_critical_lanes
    call_command("run_instagram_periodic_jobs", stdout=StringIO())
    ~~~~~~~~~~~~^^^^^^^^^^^^^^^^^^^^^^^^^^^^^^^^^^^^^^^^^^^^^^^^^^
  File "/Users/zainllw0w/TwoComms/site/.venv/lib/python3.14/site-packages/django/core/management/__init__.py", line 195, in call_command
    return command.execute(*args, **defaults)
           ~~~~~~~~~~~~~~~^^^^^^^^^^^^^^^^^^^
  File "/Users/zainllw0w/TwoComms/site/.venv/lib/python3.14/site-packages/django/core/management/base.py", line 466, in execute
    output = self.handle(*args, **options)
  File "/Users/zainllw0w/TwoComms/site/twocomms/management/management/commands/run_instagram_periodic_jobs.py", line 202, in handle
    due = due_periodic_lanes(selected_lane=selected_lane, force=force)
  File "/Users/zainllw0w/TwoComms/site/twocomms/management/management/commands/run_instagram_periodic_jobs.py", line 91, in due_periodic_lanes
    for row in InstagramBotTaskHeartbeat.objects.filter(
               ~~~~~~~~~~~~~~~~~~~~~~~~~~~~~~~~~~~~~~~~~
        task_key__in=[lane.task_key for lane in lanes]
        ~~~~~~~~~~~~~~~~~~~~~~~~~~~~~~~~~~~~~~~~~~~~~~
    ).only("task_key", "last_started_at")
    ~~~~~~^^^^^^^^^^^^^^^^^^^^^^^^^^^^^^^
  File "/Users/zainllw0w/TwoComms/site/.venv/lib/python3.14/site-packages/django/db/models/query.py", line 434, in __iter__
    self._fetch_all()
    ~~~~~~~~~~~~~~~^^
  File "/Users/zainllw0w/TwoComms/site/.venv/lib/python3.14/site-packages/django/db/models/query.py", line 2239, in _fetch_all
    self._result_cache = list(self._iterable_class(self))
                         ~~~~^^^^^^^^^^^^^^^^^^^^^^^^^^^^
  File "/Users/zainllw0w/TwoComms/site/.venv/lib/python3.14/site-packages/django/db/models/query.py", line 98, in __iter__
    results = compiler.execute_sql(
        chunked_fetch=self.chunked_fetch, chunk_size=self.chunk_size
    )
  File "/Users/zainllw0w/TwoComms/site/.venv/lib/python3.14/site-packages/django/db/models/sql/compiler.py", line 1622, in execute_sql
    cursor = self.connection.cursor()
  File "/Users/zainllw0w/TwoComms/site/.venv/lib/python3.14/site-packages/django/utils/asyncio.py", line 26, in inner
    return func(*args, **kwargs)
  File "/Users/zainllw0w/TwoComms/site/.venv/lib/python3.14/site-packages/django/db/backends/base/base.py", line 320, in cursor
    return self._cursor()
           ~~~~~~~~~~~~^^
  File "/Users/zainllw0w/TwoComms/site/.venv/lib/python3.14/site-packages/django/db/backends/base/base.py", line 297, in _cursor
    with self.wrap_database_errors:
         ^^^^^^^^^^^^^^^^^^^^^^^^^
  File "/Users/zainllw0w/TwoComms/site/.venv/lib/python3.14/site-packages/django/db/utils.py", line 94, in __exit__
    raise dj_exc_value.with_traceback(traceback) from exc_value
  File "/Users/zainllw0w/TwoComms/site/.venv/lib/python3.14/site-packages/django/db/backends/base/base.py", line 298, in _cursor
    return self._prepare_cursor(self.create_cursor(name))
                                ~~~~~~~~~~~~~~~~~~^^^^^^
  File "/Users/zainllw0w/TwoComms/site/.venv/lib/python3.14/site-packages/django/db/backends/sqlite3/base.py", line 218, in create_cursor
    return self.connection.cursor(factory=SQLiteCursorWrapper)
           ~~~~~~~~~~~~~~~~~~~~~~^^^^^^^^^^^^^^^^^^^^^^^^^^^^^
django.db.utils.ProgrammingError: Cannot operate on a closed database.

======================================================================
ERROR: test_recent_heartbeat_prevents_duplicate_lane_run (management.tests_ig_runtime_ownership.PeriodicCoordinatorTests.test_recent_heartbeat_prevents_duplicate_lane_run)
----------------------------------------------------------------------
Traceback (most recent call last):
  File "/Users/zainllw0w/TwoComms/site/.venv/lib/python3.14/site-packages/django/db/backends/base/base.py", line 298, in _cursor
    return self._prepare_cursor(self.create_cursor(name))
                                ~~~~~~~~~~~~~~~~~~^^^^^^
  File "/Users/zainllw0w/TwoComms/site/.venv/lib/python3.14/site-packages/django/db/backends/sqlite3/base.py", line 218, in create_cursor
    return self.connection.cursor(factory=SQLiteCursorWrapper)
           ~~~~~~~~~~~~~~~~~~~~~~^^^^^^^^^^^^^^^^^^^^^^^^^^^^^
sqlite3.ProgrammingError: Cannot operate on a closed database.

The above exception was the direct cause of the following exception:

Traceback (most recent call last):
  File "/Users/zainllw0w/.local/share/uv/python/cpython-3.14.6-macos-aarch64-none/lib/python3.14/unittest/mock.py", line 1439, in patched
    return func(*newargs, **newkeywargs)
  File "/Users/zainllw0w/TwoComms/site/twocomms/management/tests_ig_runtime_ownership.py", line 136, in test_recent_heartbeat_prevents_duplicate_lane_run
    InstagramBotTaskHeartbeat.objects.create(
    ~~~~~~~~~~~~~~~~~~~~~~~~~~~~~~~~~~~~~~~~^
        task_key="ig_checkout_reconcile",
        ^^^^^^^^^^^^^^^^^^^^^^^^^^^^^^^^^
    ...<3 lines>...
        last_started_at=now,
        ^^^^^^^^^^^^^^^^^^^^
    )
    ^
  File "/Users/zainllw0w/TwoComms/site/.venv/lib/python3.14/site-packages/django/db/models/manager.py", line 87, in manager_method
    return getattr(self.get_queryset(), name)(*args, **kwargs)
           ~~~~~~~~~~~~~~~~~~~~~~~~~~~~~~~~~~^^^^^^^^^^^^^^^^^
  File "/Users/zainllw0w/TwoComms/site/.venv/lib/python3.14/site-packages/django/db/models/query.py", line 713, in create
    obj.save(force_insert=True, using=self.db)
    ~~~~~~~~^^^^^^^^^^^^^^^^^^^^^^^^^^^^^^^^^^
  File "/Users/zainllw0w/TwoComms/site/.venv/lib/python3.14/site-packages/django/db/models/base.py", line 904, in save
    self.save_base(
    ~~~~~~~~~~~~~~^
        using=using,
        ^^^^^^^^^^^^
    ...<2 lines>...
        update_fields=update_fields,
        ^^^^^^^^^^^^^^^^^^^^^^^^^^^^
    )
    ^
  File "/Users/zainllw0w/TwoComms/site/.venv/lib/python3.14/site-packages/django/db/models/base.py", line 996, in save_base
    updated = self._save_table(
        raw,
    ...<4 lines>...
        update_fields,
    )
  File "/Users/zainllw0w/TwoComms/site/.venv/lib/python3.14/site-packages/django/db/models/base.py", line 1201, in _save_table
    results = self._do_insert(
        cls._base_manager, using, insert_fields, returning_fields, raw
    )
  File "/Users/zainllw0w/TwoComms/site/.venv/lib/python3.14/site-packages/django/db/models/base.py", line 1253, in _do_insert
    return manager._insert(
           ~~~~~~~~~~~~~~~^
        [self],
        ^^^^^^^
    ...<3 lines>...
        raw=raw,
        ^^^^^^^^
    )
    ^
  File "/Users/zainllw0w/TwoComms/site/.venv/lib/python3.14/site-packages/django/db/models/manager.py", line 87, in manager_method
    return getattr(self.get_queryset(), name)(*args, **kwargs)
           ~~~~~~~~~~~~~~~~~~~~~~~~~~~~~~~~~~^^^^^^^^^^^^^^^^^
  File "/Users/zainllw0w/TwoComms/site/.venv/lib/python3.14/site-packages/django/db/models/query.py", line 2118, in _insert
    return query.get_compiler(using=using).execute_sql(returning_fields)
           ~~~~~~~~~~~~~~~~~~~~~~~~~~~~~~~~~~~~~~~~~~~^^^^^^^^^^^^^^^^^^
  File "/Users/zainllw0w/TwoComms/site/.venv/lib/python3.14/site-packages/django/db/models/sql/compiler.py", line 1933, in execute_sql
    with self.connection.cursor() as cursor:
         ~~~~~~~~~~~~~~~~~~~~~~^^
  File "/Users/zainllw0w/TwoComms/site/.venv/lib/python3.14/site-packages/django/utils/asyncio.py", line 26, in inner
    return func(*args, **kwargs)
  File "/Users/zainllw0w/TwoComms/site/.venv/lib/python3.14/site-packages/django/db/backends/base/base.py", line 320, in cursor
    return self._cursor()
           ~~~~~~~~~~~~^^
  File "/Users/zainllw0w/TwoComms/site/.venv/lib/python3.14/site-packages/django/db/backends/base/base.py", line 297, in _cursor
    with self.wrap_database_errors:
         ^^^^^^^^^^^^^^^^^^^^^^^^^
  File "/Users/zainllw0w/TwoComms/site/.venv/lib/python3.14/site-packages/django/db/utils.py", line 94, in __exit__
    raise dj_exc_value.with_traceback(traceback) from exc_value
  File "/Users/zainllw0w/TwoComms/site/.venv/lib/python3.14/site-packages/django/db/backends/base/base.py", line 298, in _cursor
    return self._prepare_cursor(self.create_cursor(name))
                                ~~~~~~~~~~~~~~~~~~^^^^^^
  File "/Users/zainllw0w/TwoComms/site/.venv/lib/python3.14/site-packages/django/db/backends/sqlite3/base.py", line 218, in create_cursor
    return self.connection.cursor(factory=SQLiteCursorWrapper)
           ~~~~~~~~~~~~~~~~~~~~~~^^^^^^^^^^^^^^^^^^^^^^^^^^^^^
django.db.utils.ProgrammingError: Cannot operate on a closed database.

======================================================================
ERROR: test_tracking_is_due_after_five_minutes_and_prioritized_over_older_repairs (management.tests_ig_runtime_ownership.PeriodicCoordinatorTests.test_tracking_is_due_after_five_minutes_and_prioritized_over_older_repairs)
----------------------------------------------------------------------
Traceback (most recent call last):
  File "/Users/zainllw0w/TwoComms/site/.venv/lib/python3.14/site-packages/django/db/backends/base/base.py", line 298, in _cursor
    return self._prepare_cursor(self.create_cursor(name))
                                ~~~~~~~~~~~~~~~~~~^^^^^^
  File "/Users/zainllw0w/TwoComms/site/.venv/lib/python3.14/site-packages/django/db/backends/sqlite3/base.py", line 218, in create_cursor
    return self.connection.cursor(factory=SQLiteCursorWrapper)
           ~~~~~~~~~~~~~~~~~~~~~~^^^^^^^^^^^^^^^^^^^^^^^^^^^^^
sqlite3.ProgrammingError: Cannot operate on a closed database.

The above exception was the direct cause of the following exception:

Traceback (most recent call last):
  File "/Users/zainllw0w/.local/share/uv/python/cpython-3.14.6-macos-aarch64-none/lib/python3.14/unittest/mock.py", line 1439, in patched
    return func(*newargs, **newkeywargs)
  File "/Users/zainllw0w/TwoComms/site/twocomms/management/tests_ig_runtime_ownership.py", line 88, in test_tracking_is_due_after_five_minutes_and_prioritized_over_older_repairs
    InstagramBotTaskHeartbeat.objects.create(
    ~~~~~~~~~~~~~~~~~~~~~~~~~~~~~~~~~~~~~~~~^
        task_key="nova_poshta_tracking",
        ^^^^^^^^^^^^^^^^^^^^^^^^^^^^^^^^
    ...<3 lines>...
        last_started_at=now - timedelta(seconds=301),
        ^^^^^^^^^^^^^^^^^^^^^^^^^^^^^^^^^^^^^^^^^^^^^
    )
    ^
  File "/Users/zainllw0w/TwoComms/site/.venv/lib/python3.14/site-packages/django/db/models/manager.py", line 87, in manager_method
    return getattr(self.get_queryset(), name)(*args, **kwargs)
           ~~~~~~~~~~~~~~~~~~~~~~~~~~~~~~~~~~^^^^^^^^^^^^^^^^^
  File "/Users/zainllw0w/TwoComms/site/.venv/lib/python3.14/site-packages/django/db/models/query.py", line 713, in create
    obj.save(force_insert=True, using=self.db)
    ~~~~~~~~^^^^^^^^^^^^^^^^^^^^^^^^^^^^^^^^^^
  File "/Users/zainllw0w/TwoComms/site/.venv/lib/python3.14/site-packages/django/db/models/base.py", line 904, in save
    self.save_base(
    ~~~~~~~~~~~~~~^
        using=using,
        ^^^^^^^^^^^^
    ...<2 lines>...
        update_fields=update_fields,
        ^^^^^^^^^^^^^^^^^^^^^^^^^^^^
    )
    ^
  File "/Users/zainllw0w/TwoComms/site/.venv/lib/python3.14/site-packages/django/db/models/base.py", line 996, in save_base
    updated = self._save_table(
        raw,
    ...<4 lines>...
        update_fields,
    )
  File "/Users/zainllw0w/TwoComms/site/.venv/lib/python3.14/site-packages/django/db/models/base.py", line 1201, in _save_table
    results = self._do_insert(
        cls._base_manager, using, insert_fields, returning_fields, raw
    )
  File "/Users/zainllw0w/TwoComms/site/.venv/lib/python3.14/site-packages/django/db/models/base.py", line 1253, in _do_insert
    return manager._insert(
           ~~~~~~~~~~~~~~~^
        [self],
        ^^^^^^^
    ...<3 lines>...
        raw=raw,
        ^^^^^^^^
    )
    ^
  File "/Users/zainllw0w/TwoComms/site/.venv/lib/python3.14/site-packages/django/db/models/manager.py", line 87, in manager_method
    return getattr(self.get_queryset(), name)(*args, **kwargs)
           ~~~~~~~~~~~~~~~~~~~~~~~~~~~~~~~~~~^^^^^^^^^^^^^^^^^
  File "/Users/zainllw0w/TwoComms/site/.venv/lib/python3.14/site-packages/django/db/models/query.py", line 2118, in _insert
    return query.get_compiler(using=using).execute_sql(returning_fields)
           ~~~~~~~~~~~~~~~~~~~~~~~~~~~~~~~~~~~~~~~~~~~^^^^^^^^^^^^^^^^^^
  File "/Users/zainllw0w/TwoComms/site/.venv/lib/python3.14/site-packages/django/db/models/sql/compiler.py", line 1933, in execute_sql
    with self.connection.cursor() as cursor:
         ~~~~~~~~~~~~~~~~~~~~~~^^
  File "/Users/zainllw0w/TwoComms/site/.venv/lib/python3.14/site-packages/django/utils/asyncio.py", line 26, in inner
    return func(*args, **kwargs)
  File "/Users/zainllw0w/TwoComms/site/.venv/lib/python3.14/site-packages/django/db/backends/base/base.py", line 320, in cursor
    return self._cursor()
           ~~~~~~~~~~~~^^
  File "/Users/zainllw0w/TwoComms/site/.venv/lib/python3.14/site-packages/django/db/backends/base/base.py", line 297, in _cursor
    with self.wrap_database_errors:
         ^^^^^^^^^^^^^^^^^^^^^^^^^
  File "/Users/zainllw0w/TwoComms/site/.venv/lib/python3.14/site-packages/django/db/utils.py", line 94, in __exit__
    raise dj_exc_value.with_traceback(traceback) from exc_value
  File "/Users/zainllw0w/TwoComms/site/.venv/lib/python3.14/site-packages/django/db/backends/base/base.py", line 298, in _cursor
    return self._prepare_cursor(self.create_cursor(name))
                                ~~~~~~~~~~~~~~~~~~^^^^^^
  File "/Users/zainllw0w/TwoComms/site/.venv/lib/python3.14/site-packages/django/db/backends/sqlite3/base.py", line 218, in create_cursor
    return self.connection.cursor(factory=SQLiteCursorWrapper)
           ~~~~~~~~~~~~~~~~~~~~~~^^^^^^^^^^^^^^^^^^^^^^^^^^^^^
django.db.utils.ProgrammingError: Cannot operate on a closed database.

======================================================================
ERROR: test_bot_off_cron_reaps_real_started_human_part_before_health_without_transport (management.tests_ig_runtime_ownership.PeriodicHumanMaintenanceIntegrationTests.test_bot_off_cron_reaps_real_started_human_part_before_health_without_transport)
----------------------------------------------------------------------
Traceback (most recent call last):
  File "/Users/zainllw0w/TwoComms/site/.venv/lib/python3.14/site-packages/django/db/backends/base/base.py", line 298, in _cursor
    return self._prepare_cursor(self.create_cursor(name))
                                ~~~~~~~~~~~~~~~~~~^^^^^^
  File "/Users/zainllw0w/TwoComms/site/.venv/lib/python3.14/site-packages/django/db/backends/sqlite3/base.py", line 218, in create_cursor
    return self.connection.cursor(factory=SQLiteCursorWrapper)
           ~~~~~~~~~~~~~~~~~~~~~~^^^^^^^^^^^^^^^^^^^^^^^^^^^^^
sqlite3.ProgrammingError: Cannot operate on a closed database.

The above exception was the direct cause of the following exception:

Traceback (most recent call last):
  File "/Users/zainllw0w/TwoComms/site/twocomms/management/tests_ig_runtime_ownership.py", line 316, in test_bot_off_cron_reaps_real_started_human_part_before_health_without_transport
    self.assertFalse(InstagramBotMessage.objects.filter(role="manager").exists())
                     ~~~~~~~~~~~~~~~~~~~~~~~~~~~~~~~~~~~~~~~~~~~~~~~~~~~~~~~~~^^
  File "/Users/zainllw0w/TwoComms/site/.venv/lib/python3.14/site-packages/django/db/models/query.py", line 1435, in exists
    return self.query.has_results(using=self.db)
           ~~~~~~~~~~~~~~~~~~~~~~^^^^^^^^^^^^^^^
  File "/Users/zainllw0w/TwoComms/site/.venv/lib/python3.14/site-packages/django/db/models/sql/query.py", line 686, in has_results
    return compiler.has_results()
           ~~~~~~~~~~~~~~~~~~~~^^
  File "/Users/zainllw0w/TwoComms/site/.venv/lib/python3.14/site-packages/django/db/models/sql/compiler.py", line 1592, in has_results
    return bool(self.execute_sql(SINGLE))
                ~~~~~~~~~~~~~~~~^^^^^^^^
  File "/Users/zainllw0w/TwoComms/site/.venv/lib/python3.14/site-packages/django/db/models/sql/compiler.py", line 1622, in execute_sql
    cursor = self.connection.cursor()
  File "/Users/zainllw0w/TwoComms/site/.venv/lib/python3.14/site-packages/django/utils/asyncio.py", line 26, in inner
    return func(*args, **kwargs)
  File "/Users/zainllw0w/TwoComms/site/.venv/lib/python3.14/site-packages/django/db/backends/base/base.py", line 320, in cursor
    return self._cursor()
           ~~~~~~~~~~~~^^
  File "/Users/zainllw0w/TwoComms/site/.venv/lib/python3.14/site-packages/django/db/backends/base/base.py", line 297, in _cursor
    with self.wrap_database_errors:
         ^^^^^^^^^^^^^^^^^^^^^^^^^
  File "/Users/zainllw0w/TwoComms/site/.venv/lib/python3.14/site-packages/django/db/utils.py", line 94, in __exit__
    raise dj_exc_value.with_traceback(traceback) from exc_value
  File "/Users/zainllw0w/TwoComms/site/.venv/lib/python3.14/site-packages/django/db/backends/base/base.py", line 298, in _cursor
    return self._prepare_cursor(self.create_cursor(name))
                                ~~~~~~~~~~~~~~~~~~^^^^^^
  File "/Users/zainllw0w/TwoComms/site/.venv/lib/python3.14/site-packages/django/db/backends/sqlite3/base.py", line 218, in create_cursor
    return self.connection.cursor(factory=SQLiteCursorWrapper)
           ~~~~~~~~~~~~~~~~~~~~~~^^^^^^^^^^^^^^^^^^^^^^^^^^^^^
django.db.utils.ProgrammingError: Cannot operate on a closed database.

======================================================================
ERROR: test_finite_human_receipt_failure_does_not_starve_health_or_business_lanes (management.tests_ig_runtime_ownership.PeriodicHumanMaintenanceIntegrationTests.test_finite_human_receipt_failure_does_not_starve_health_or_business_lanes)
----------------------------------------------------------------------
Traceback (most recent call last):
  File "/Users/zainllw0w/TwoComms/site/.venv/lib/python3.14/site-packages/django/db/backends/base/base.py", line 298, in _cursor
    return self._prepare_cursor(self.create_cursor(name))
                                ~~~~~~~~~~~~~~~~~~^^^^^^
  File "/Users/zainllw0w/TwoComms/site/.venv/lib/python3.14/site-packages/django/db/backends/sqlite3/base.py", line 218, in create_cursor
    return self.connection.cursor(factory=SQLiteCursorWrapper)
           ~~~~~~~~~~~~~~~~~~~~~~^^^^^^^^^^^^^^^^^^^^^^^^^^^^^
sqlite3.ProgrammingError: Cannot operate on a closed database.

The above exception was the direct cause of the following exception:

Traceback (most recent call last):
  File "/Users/zainllw0w/TwoComms/site/twocomms/management/tests_ig_runtime_ownership.py", line 344, in test_finite_human_receipt_failure_does_not_starve_health_or_business_lanes
    call_command("run_instagram_periodic_jobs", stdout=StringIO(), stderr=stderr)
    ~~~~~~~~~~~~^^^^^^^^^^^^^^^^^^^^^^^^^^^^^^^^^^^^^^^^^^^^^^^^^^^^^^^^^^^^^^^^^
  File "/Users/zainllw0w/TwoComms/site/.venv/lib/python3.14/site-packages/django/core/management/__init__.py", line 195, in call_command
    return command.execute(*args, **defaults)
           ~~~~~~~~~~~~~~~^^^^^^^^^^^^^^^^^^^
  File "/Users/zainllw0w/TwoComms/site/.venv/lib/python3.14/site-packages/django/core/management/base.py", line 466, in execute
    output = self.handle(*args, **options)
  File "/Users/zainllw0w/TwoComms/site/twocomms/management/management/commands/run_instagram_periodic_jobs.py", line 202, in handle
    due = due_periodic_lanes(selected_lane=selected_lane, force=force)
  File "/Users/zainllw0w/TwoComms/site/twocomms/management/management/commands/run_instagram_periodic_jobs.py", line 91, in due_periodic_lanes
    for row in InstagramBotTaskHeartbeat.objects.filter(
               ~~~~~~~~~~~~~~~~~~~~~~~~~~~~~~~~~~~~~~~~~
        task_key__in=[lane.task_key for lane in lanes]
        ~~~~~~~~~~~~~~~~~~~~~~~~~~~~~~~~~~~~~~~~~~~~~~
    ).only("task_key", "last_started_at")
    ~~~~~~^^^^^^^^^^^^^^^^^^^^^^^^^^^^^^^
  File "/Users/zainllw0w/TwoComms/site/.venv/lib/python3.14/site-packages/django/db/models/query.py", line 434, in __iter__
    self._fetch_all()
    ~~~~~~~~~~~~~~~^^
  File "/Users/zainllw0w/TwoComms/site/.venv/lib/python3.14/site-packages/django/db/models/query.py", line 2239, in _fetch_all
    self._result_cache = list(self._iterable_class(self))
                         ~~~~^^^^^^^^^^^^^^^^^^^^^^^^^^^^
  File "/Users/zainllw0w/TwoComms/site/.venv/lib/python3.14/site-packages/django/db/models/query.py", line 98, in __iter__
    results = compiler.execute_sql(
        chunked_fetch=self.chunked_fetch, chunk_size=self.chunk_size
    )
  File "/Users/zainllw0w/TwoComms/site/.venv/lib/python3.14/site-packages/django/db/models/sql/compiler.py", line 1622, in execute_sql
    cursor = self.connection.cursor()
  File "/Users/zainllw0w/TwoComms/site/.venv/lib/python3.14/site-packages/django/utils/asyncio.py", line 26, in inner
    return func(*args, **kwargs)
  File "/Users/zainllw0w/TwoComms/site/.venv/lib/python3.14/site-packages/django/db/backends/base/base.py", line 320, in cursor
    return self._cursor()
           ~~~~~~~~~~~~^^
  File "/Users/zainllw0w/TwoComms/site/.venv/lib/python3.14/site-packages/django/db/backends/base/base.py", line 297, in _cursor
    with self.wrap_database_errors:
         ^^^^^^^^^^^^^^^^^^^^^^^^^
  File "/Users/zainllw0w/TwoComms/site/.venv/lib/python3.14/site-packages/django/db/utils.py", line 94, in __exit__
    raise dj_exc_value.with_traceback(traceback) from exc_value
  File "/Users/zainllw0w/TwoComms/site/.venv/lib/python3.14/site-packages/django/db/backends/base/base.py", line 298, in _cursor
    return self._prepare_cursor(self.create_cursor(name))
                                ~~~~~~~~~~~~~~~~~~^^^^^^
  File "/Users/zainllw0w/TwoComms/site/.venv/lib/python3.14/site-packages/django/db/backends/sqlite3/base.py", line 218, in create_cursor
    return self.connection.cursor(factory=SQLiteCursorWrapper)
           ~~~~~~~~~~~~~~~~~~~~~~^^^^^^^^^^^^^^^^^^^^^^^^^^^^^
django.db.utils.ProgrammingError: Cannot operate on a closed database.

----------------------------------------------------------------------
Ran 191 tests in 8.840s

FAILED (errors=7)
Destroying test database for alias 'default'...
Found 191 test(s).
System check identified no issues (0 silenced).
