Creating test database for alias 'default'...
Destroying old test database for alias 'default'...
FFF
======================================================================
FAIL: test_expired_graph_with_success_evidence_is_never_marked_failed (management.tests_gemini_accounting_shadow.GeminiShadowAnalysisGraphRegressionTests.test_expired_graph_with_success_evidence_is_never_marked_failed)
----------------------------------------------------------------------
Traceback (most recent call last):
  File "/Users/zainllw0w/TwoComms/site/twocomms/management/tests_gemini_accounting_shadow.py", line 2920, in test_expired_graph_with_success_evidence_is_never_marked_failed
    self.assertEqual(
    ~~~~~~~~~~~~~~~~^
        runtime.reconcile_expired_request_graphs(now=now),
        ^^^^^^^^^^^^^^^^^^^^^^^^^^^^^^^^^^^^^^^^^^^^^^^^^^
        len(cases),
        ^^^^^^^^^^^
    )
    ^
AssertionError: 0 != 2

======================================================================
FAIL: test_expired_planned_attempt_is_cancelled_before_graph_failure (management.tests_gemini_accounting_shadow.GeminiShadowAnalysisGraphRegressionTests.test_expired_planned_attempt_is_cancelled_before_graph_failure)
----------------------------------------------------------------------
Traceback (most recent call last):
  File "/Users/zainllw0w/TwoComms/site/twocomms/management/tests_gemini_accounting_shadow.py", line 2799, in test_expired_planned_attempt_is_cancelled_before_graph_failure
    self.assertEqual(runtime.reconcile_expired_request_graphs(now=now), 1)
    ~~~~~~~~~~~~~~~~^^^^^^^^^^^^^^^^^^^^^^^^^^^^^^^^^^^^^^^^^^^^^^^^^^^^^^
AssertionError: 0 != 1

======================================================================
FAIL: test_expired_unresolved_graph_is_reconciled_exactly_once (management.tests_gemini_accounting_shadow.GeminiShadowAnalysisGraphRegressionTests.test_expired_unresolved_graph_is_reconciled_exactly_once)
----------------------------------------------------------------------
Traceback (most recent call last):
  File "/Users/zainllw0w/TwoComms/site/twocomms/management/tests_gemini_accounting_shadow.py", line 2732, in test_expired_unresolved_graph_is_reconciled_exactly_once
    self.assertEqual(
    ~~~~~~~~~~~~~~~~^
        runtime.reconcile_expired_request_graphs(now=timezone.now()),
        ^^^^^^^^^^^^^^^^^^^^^^^^^^^^^^^^^^^^^^^^^^^^^^^^^^^^^^^^^^^^^
        1,
        ^^
    )
    ^
AssertionError: 0 != 1

----------------------------------------------------------------------
Ran 3 tests in 0.017s

FAILED (failures=3)
Destroying test database for alias 'default'...
Found 3 test(s).
System check identified no issues (0 silenced).
